[www.bol.com/nl/index.html]
[www.bol.com/apple-touch-iconfb83.png]
[www.bol.com/favicon-32x32fb83.png]
[backblue.gif]
[fade.gif]
[index.html]
[www.bol.com/favicon-16x16fb83.png]
[www.bol.com/social-tile.png]
[js.s-bol.com/nl/static/assets/js/promise.980135bd2e3acb992414-canary.js]
[css.s-bol.com/nl/static/assets/css/wsp-catalog.min.2e28aa9c753078e7381c.6.delayed]
[www.bol.com/nl/static/assets/index.html]
[www.bol.com/nl/static/images/app-icons/iosapp@2x.png]
[css.s-bol.com/nl/cms/css/ab-test-override-a230e2.css]
[www.bol.com/nl/Iaf/index.html]
[www.bol.com/nl/3i9/index.html]
[www.bol.com/nl/xtg/index.html]
[www.bol.com/nl/select.html]
[www.bol.com/nl/m/cookiebeleid/index.html]
[www.bol.com/nl/m/lekker-winkelen-zonder-zorgen/index.html]
[www.bol.com/nl/account/login5c12.html]
[www.bol.com/nl/account/login1877.html]
[www.bol.com/nl/account/loginc345.html]
[www.bol.com/nl/account/login7560.html]
[www.bol.com/nl/account/login9b3d.html]
[www.bol.com/nl/account/betaalmethoden.15.delayed]
[www.bol.com/nl/account/login2896.html]
[www.bol.com/nl/account/abonnement.17.delayed]
[www.bol.com/nl/account/login0eb9.html]
[www.bol.com/nl/account/loginaa5a.html]
[www.bol.com/nl/lijstjes/overzicht-lijsten.html]
[www.bol.com/nl/order/basket.html]
[www.bol.com/nl/rnwy/menu/category/0.html]
[www.bol.com/nl/rnwy/menu/category/1.html]
[www.bol.com/nl/rnwy/menu/category/2.html]
[www.bol.com/nl/rnwy/menu/category/3.html]
[www.bol.com/nl/rnwy/menu/category/4.html]
[www.bol.com/nl/rnwy/menu/category/5.html]
[www.bol.com/nl/rnwy/menu/category/6.html]
[www.bol.com/nl/rnwy/menu/category/7.html]
[www.bol.com/nl/rnwy/menu/category/8.html]
[www.bol.com/nl/rnwy/menu/category/9.html]
[www.bol.com/nl/rnwy/menu/category/10.html]
[www.bol.com/nl/rnwy/menu/category/11.html]
[www.bol.com/nl/rnwy/menu/category/12.html]
[www.bol.com/nl/l/cadeaus/N/4268053379+1403392d9.html]
[www.bol.com/nl/m/cadeaus/index.html]
[www.bol.com/nl/i/de-leukste-baby-cadeautjes-vind-je-hier/N/26067.html]
[www.bol.com/nl/m/cadeaubon-bestellen/index.html]
[www.bol.com/nl/l/cadeaus/N/4268053379+14033/indexe3e4.html]
[www.bol.com/nl/l/cadeaus-mannen/N/4268053379+14033/filter_N/37910e3e4.html]
[www.bol.com/nl/m/sinterklaascadeau/index.html]
[www.bol.com/nl/l/cadeaus-vrouwen/N/4268053379+14033/filter_N/37911e3e4.html]
[www.bol.com/nl/l/cadeaus-gadgetfreak/N/4268053379+14033/filter_N/38653e3e4.html]
[www.bol.com/nl/persoonlijke-aanbevelingen/index.html]
[www.bol.com/nl/u/inspiratie.html]
[www.bol.com/nl/l/cadeaus-workaholic/N/4268053379+14033/filter_N/38652/indexe3e4.html]
[www.bol.com/nl/l/cadeaus-kookfan/N/4268053379+14033/filter_N/38669/indexe3e4.html]
[www.bol.com/nl/l/cadeaus-verrassend-cadeau/N/4268053379+14033/filter_N/4269250493/indexe3e4.html]
[www.bol.com/nl/l/cadeaus-altijd-goed-cadeau/N/4268053379+14033/filter_N/4269250495/indexe3e4.html]
[www.bol.com/nl/l/duurzaam-cadeau/N/4268053379+14033/filter_N/4295369797/indexe3e4.html]
[www.bol.com/nl/ra/algemeen/topdeals-/63250/index.html]
[www.bol.com/nl/l/cadeaus-lief-cadeau/N/4268053379+14033/filter_N/4269250494/indexe3e4.html]
[www.bol.com/nl/b/rituals/14344517/indexbfa5.html]
[www.bol.com/nl/m/kerstdecoratie/index.html]
[www.bol.com/nl/l/chocoladecadeaus/N/48578/indexe3e4.html]
[www.bol.com/nl/l/parfum/N/12428/indexe3e4.html]
[www.bol.com/nl/l/alle-kerstbomen/N/14334/index.html]
[www.bol.com/nl/l/kerstversiering/N/24260/index.html]
[www.bol.com/nl/account/logind304.html]
[www.bol.com/nl/l/kerstverlichting/N/14335/index.html]
[www.bol.com/nl/m/schoencadeautjes/index.html]
[www.bol.com/nl/klantenservice/index.html]
[www.bol.com/nl/l/feestdagen-trends/N/52970/index.html]
[www.bol.com/nl/m/goede-voornemens/index.html]
[www.bol.com/nl/i/thuiswerken-computer/N/7090/index.html]
[s.s-bol.com/nl/upload/images/ps/banners/campagne/2020/kerst/middelen/31080_kerst_mhp-header.jpg]
[www.bol.com/nl/i/duurzaam-assortiment/N/38621/index.html]
[www.bol.com/nl/m/smarthome/index.html]
[www.bol.com/nl/b/verhuiswinkel/16700176/index.html]
[www.bol.com/nl/m/zwanger/index.html]
[www.bol.com/nl/ra/algemeen/kersttruien-scherp-geprijsd/71664/indexb726.html]
[www.bol.com/nl/i/-/N/12542 39582/index.html]
[www.bol.com/nl/m/briljantjes/index.html]
[www.bol.com/nl/ra/algemeen/keukenapparaten-voor-kerst/71863/index965a.html]
[www.bol.com/nl/m/elektronica-acties/index.html]
[www.bol.com/nl/rnwy/slots/ajax/home/region/default_variant/3/pgid/0b2c30bb-720a-4c40-a2cd-41ea96a8d92f/featureName/recently_viewed_slot.html]
[www.bol.com/nl/m/outlet/index.html]
[www.bol.com/nl/w/bol-com-retourdeals/1273754/index7c5e.html]
[www.bol.com/nl/rnwy/slots/ajax/home/region/default_variant/4/pgid/0b2c30bb-720a-4c40-a2cd-41ea96a8d92f/featureName/personal_slot.html]
[www.bol.com/nl/m/speelgoed-aanbiedingen/index.html]
[www.bol.com/nl/m/film-muziek-acties/index.html]
[www.bol.com/nl/m/select-deals/index.html]
[media.s-bol.com/JNxP3pYPm9EP/168x125.jpg]
[www.bol.com/nl/m/voor-elke-dag/index.html]
[www.bol.com/nl/ra/korting-op-bad-deo-en-douche/69906/N/12443/index.html]
[www.bol.com/nl/nieuwsbrieven.3d8af9.delayed]
[www.bol.com/nl/ra/korting-op-toiletpapier-en-tissues/71690/N/45336/index.html]
[www.bol.com/nl/ra/korting-op-wasmiddelen/69814/N/20463/index.html]
[www.bol.com/nl/account/login31bb.html]
[www.bol.com/nl/rnwy/slots/ajax/home/region/default_variant/7/pgid/0b2c30bb-720a-4c40-a2cd-41ea96a8d92f/featureName/personal_slot.html]
[www.bol.com/nl/m/kerstcadeau/index.html]
[www.bol.com/nl/ra/algemeen/scherp-geprijsde-games/72304/index.html]
[www.bol.com/nl/ra/algemeen/11-gratis-op-pannen/72646/N/11767/index.html]
[www.bol.com/nl/ra/rugzakken-handtassen/70624/index.html]
[www.bol.com/nl/m/zakendoen-met-bolcom/index.html]
[www.bol.com/nl/l/cadeaubon/cadeaubonnen/N/20640/index.html]
[www.bol.com/nl/m/wat-betekent-dit-voor-mij/index.html]
[www.bol.com/nl/index3727.html]
[www.bol.com/nl/indexbb2f.html]
[css.s-bol.com/nl/static/assets/css/chat.min.53b40daa4c948ab79e1b.css]
[www.bol.com/nl/m/cadeaus/index2ee6.html]
[www.bol.com/nl/m/voor-elke-dag/index07ad.html]
[www.bol.com/nl/account/login27a3.html]
[www.bol.com/nl/m/kerstdecoratie/index21cb.html]
[firefly.bol.com/js/0.3.1/performance-metrics.js]
[www.bol.com/nl/m/select-deals/index9450.html]
[www.bol.com/nl/m/over-bol-com/index.html]
[www.bol.com/nl/bltg/6906407fec6.gif]
[www.bol.com/nl/m/kerstcadeau/indexc71d.html]
[www.bol.com/nl/l/bol-com-cadeaubonnen/N/20640/filter_N/4282200616/indexd1fd.html]
[www.bol.com/nl/m/kerstcadeau/indexd032.html]
[www.bol.com/nl/bltg/16726188d14.gif]
[www.bol.com/nl/ra/scherpgeprijsde-smartphones/71850/N/4010/index3a15.html]
[www.bol.com/nl/bltg/84101499405.gif]
[www.bol.com/nl/bltg/4164564e919.gif]
[www.bol.com/nl/l/boeken/N/8299/index.html]
[www.bol.com/nl/m/electronics/index.html]
[www.bol.com/nl/ra/tot-60-korting-op-parfum/72815/N/12428/index4cb6.html]
[www.bol.com/nl/l/speelgoed/N/7934/index.html]
[www.bol.com/nl/bltg/3271820ae66.gif]
[www.bol.com/nl/index.html]
[www.bol.com/nl/l/woonartikelen/N/14035/index.html]
[www.bol.com/nl/static/assets/index.html]
[www.bol.com/nl/l/babyspullen/N/11271/index.html]
[www.bol.com/nl/l/koken-tafelen/N/11764/index.html]
[www.bol.com/nl/xtg/index.html]
[www.bol.com/nl/l/beauty/N/43228/index.html]
[www.bol.com/nl/Iaf/index.html]
[www.bol.com/nl/l/sportartikelen/N/14648/index.html]
[www.bol.com/nl/3i9/index.html]
[www.bol.com/nl/m/software/index.html]
[css.s-bol.com/nl/static/assets/css/wsp-catalog.min.2e28aa9c753078e7381c.css]
[www.bol.com/nl/l/films-en-series/N/3133/index.html]
[www.bol.com/nl/l/klusspullen/N/13155/index.html]
[css.s-bol.com/nl/cms/css/ab-test-override-a230e2.css]
[www.bol.com/nl/l/muziek/N/3132/index.html]
[www.bol.com/nl/l/damesmode/N/46673/index.html]
[www.bol.com/nl/m/cookiebeleid/index.html]
[www.bol.com/nl/m/lekker-winkelen-zonder-zorgen/index.html]
[www.bol.com/nl/select.html]
[www.bol.com/nl/l/herenmode/N/47024/index.html]
[www.bol.com/nl/account/login5c12.html]
[www.bol.com/nl/account/login1877.html]
[www.bol.com/nl/account/loginc345.html]
[www.bol.com/nl/l/kindermode/N/16947/index.html]
[www.bol.com/nl/account/login7560.html]
[www.bol.com/nl/account/login9b3d.html]
[www.bol.com/nl/account/login2896.html]
[www.bol.com/nl/account/login0eb9.html]
[www.bol.com/nl/account/loginaa5a.html]
[www.bol.com/nl/lijstjes/overzicht-lijsten.html]
[www.bol.com/nl/order/basket.html]
[www.bol.com/nl/rnwy/menu/category/0.html]
[www.bol.com/nl/rnwy/menu/category/1.html]
[www.bol.com/nl/rnwy/menu/category/2.html]
[www.bol.com/nl/rnwy/menu/category/3.html]
[www.bol.com/nl/rnwy/menu/category/4.html]
[www.bol.com/nl/rnwy/menu/category/5.html]
[www.bol.com/nl/rnwy/menu/category/6.html]
[www.bol.com/nl/rnwy/menu/category/7.html]
[www.bol.com/nl/rnwy/menu/category/8.html]
[www.bol.com/nl/rnwy/menu/category/9.html]
[www.bol.com/nl/rnwy/menu/category/10.html]
[www.bol.com/nl/rnwy/menu/category/11.html]
[www.bol.com/nl/rnwy/menu/category/12.html]
[www.bol.com/nl/m/cadeaus/index.html]
[www.bol.com/nl/m/cadeaubon-bestellen/index.html]
[www.bol.com/nl/l/cadeaus/N/4268053379+1403392d9.html]
[www.bol.com/nl/l/cadeaus/N/4268053379+14033/indexe3e4.html]
[www.bol.com/nl/i/de-leukste-baby-cadeautjes-vind-je-hier/N/26067.html]
[www.bol.com/nl/m/sinterklaascadeau/index.html]
[www.bol.com/nl/l/cadeaus-mannen/N/4268053379+14033/filter_N/37910e3e4.html]
[www.bol.com/nl/l/cadeaus-vrouwen/N/4268053379+14033/filter_N/37911e3e4.html]
